--- Testing Registration ---

--- Testing Login (Guide - Pending) ---
Expected Error: undefined
